// Jest Snapshot v1, https://goo.gl/fbAQLP

exports[`<HomePage /> should render and match the snapshot 1`] = `
<div
  class="ant-page-header ant-page-header-ghost"
>
  <div
    class="ant-page-header-heading"
  >
    <span
      class="ant-page-header-heading-title"
    >
      Home page
    </span>
    <span
      class="ant-page-header-heading-sub-title"
    >
      Posts should be here
    </span>
  </div>
  <div
    class="ant-page-header-content"
  >
    <span>
      This is the HomePage container!
    </span>
  </div>
</div>
`;
