// Jest Snapshot v1, https://goo.gl/fbAQLP

exports[`<App /> should render and match the snapshot 1`] = `
<AuthProvider>
  <Adapter>
    <Adapter
      style={
        Object {
          "backgroundColor": "none",
        }
      }
    >
      <Header />
    </Adapter>
    <Adapter>
      <Switch>
        <Route
          component={[Function]}
          exact={true}
          path="/"
        />
        <Route
          component={[Function]}
          exact={true}
          path="/create-post"
        />
        <Route
          component={[Function]}
        />
      </Switch>
    </Adapter>
    <Adapter
      style={
        Object {
          "textAlign": "center",
        }
      }
    >
      Created by Ant UED
    </Adapter>
  </Adapter>
</AuthProvider>
`;
